[0;92mWails CLI[0m [0;31mv2.11.0[0m

  [90m[90m??[0m[0m [39m[39mGenerating bindings: [0m[0mDone.
  [90m[90m??[0m[0m [39m[39mInstalling frontend dependencies: [0m[0mDone.
  [90m[90m??[0m[0m [39m[39mCompiling frontend: [0m[0m    
    > viewer@0.0.0 build
    > tsc -b && vite build
    
    src/pages/MainPage.tsx(94,7): error TS1005: ',' expected.
    src/pages/MainPage.tsx(326,1): error TS1128: Declaration or statement expected.
    
    

[30;101m[30;101m  ERROR  [0m[0m [91m[91mexit status 2[0m[0m
[31;107m[31;107m ?? [0m[0m [92m[92mIf Wails is useful to you or your company, please consider sponsoring the project:[0m[0m
https://github.com/sponsors/leaanthony
